x: int = 1
x = (((-1) + (((2 * 3) // 4) % 5)) - 6)
