my_int: int = 2
my_str: str = "\tabc"
my_bool: bool = False
